// Jest Snapshot v1, https://goo.gl/fbAQLP

exports[`it should render Todo Component 1`] = `
<div>
  To do App
  <WithStyles(ForwardRef(TextField))
    label="Enter Item"
    onChange={[Function]}
    value=""
  />
  <WithStyles(ForwardRef(Button))
    onClick={[Function]}
  >
    Add
  </WithStyles(ForwardRef(Button))>
  <WithStyles(ForwardRef(Button))
    onClick={[Function]}
  >
    Clear List!
  </WithStyles(ForwardRef(Button))>
  <List
    data={Object {}}
  />
</div>
`;
